// Jest Snapshot v1, https://goo.gl/fbAQLP

exports[`App component renders App 1`] = `
<Fragment>
  <BrowserRouter>
    <Switch>
      <PrivateRoute
        component={[Function]}
        exact={true}
        path="/"
      />
      <Route
        component={
          Object {
            "$$typeof": Symbol(react.memo),
            "WrappedComponent": [Function],
            "compare": null,
            "displayName": "Connect(UserForm)",
            "type": [Function],
          }
        }
        path="/signup"
      />
      <Route
        component={
          Object {
            "$$typeof": Symbol(react.memo),
            "WrappedComponent": [Function],
            "compare": null,
            "displayName": "Connect(UserForm)",
            "type": [Function],
          }
        }
        path="/login"
      />
    </Switch>
  </BrowserRouter>
</Fragment>
`;
