// Jest Snapshot v1, https://goo.gl/fbAQLP

exports[`AddCharacterButton component renders an add button 1`] = `
<Fragment>
  <EditFormModalCharacter />
  <button
    type="button"
  >
    âŠ•
  </button>
</Fragment>
`;
