// Jest Snapshot v1, https://goo.gl/fbAQLP

exports[`AddChapterButton component renders an add button 1`] = `
<div
  className="AddChapterButton"
>
  <EditFormModalChapter />
  <button
    type="button"
  >
    âŠ•
  </button>
</div>
`;
