// Jest Snapshot v1, https://goo.gl/fbAQLP

exports[`AddWorldButton component renders an add button 1`] = `
<div
  className="AddWorldButton"
>
  <EditFormModalWorld />
  <button
    type="button"
  >
    âŠ•
  </button>
</div>
`;
