// Jest Snapshot v1, https://goo.gl/fbAQLP

exports[`ViewAllButton component renders view all button 1`] = `
<button>
  View All
</button>
`;
