// Jest Snapshot v1, https://goo.gl/fbAQLP

exports[`WorldCategory component renders a world category 1`] = `
<section>
  <h2>
    World Building
  </h2>
  <div>
    <AddButton
      handleAddClick={[Function]}
    />
    <ViewAllButton
      handleViewClick={[Function]}
    />
  </div>
</section>
`;
