// Jest Snapshot v1, https://goo.gl/fbAQLP

exports[`AboutDeveloperCard component renders an about developer card 1`] = `
<section>
  <img
    alt="user"
    src="user.jpg"
  />
  <h3>
    user
  </h3>
  <button
    onClick={[Function]}
  />
</section>
`;
